  Determining projects to restore...
  All projects are up-to-date for restore.
  ETL-SQL.Core -> C:\Users\chuck\scratch\ETL-SQL\src\ETL-SQL.Core\bin\Debug\net10.0\ETL-SQL.Core.dll
  ETL-SQL.Engine -> C:\Users\chuck\scratch\ETL-SQL\src\ETL-SQL.Engine\bin\Debug\net10.0\ETL-SQL.Engine.dll
  ETL-SQL.Connectors -> C:\Users\chuck\scratch\ETL-SQL\src\ETL-SQL.Connectors\bin\Debug\net10.0\ETL-SQL.Connectors.dll
  ETL-SQL.App -> C:\Users\chuck\scratch\ETL-SQL\src\ETL-SQL.App\bin\Debug\net10.0\ETL-SQL.dll
C:\Users\chuck\scratch\ETL-SQL\tests\ETL-SQL.Tests\Engine\LineageExecuteTests.cs(49,54): error CS0535: 'LineageExecuteTests.MockDatabaseSourceWithSchema' does not implement interface member 'IDataSource.Options' [C:\Users\chuck\scratch\ETL-SQL\tests\ETL-SQL.Tests\ETL-SQL.Tests.csproj]
C:\Users\chuck\scratch\ETL-SQL\tests\ETL-SQL.Tests\Misc\MultiResultSetTests.cs(58,38): error CS0535: 'MockMultiResultDb' does not implement interface member 'IDataSource.Options' [C:\Users\chuck\scratch\ETL-SQL\tests\ETL-SQL.Tests\ETL-SQL.Tests.csproj]
C:\Users\chuck\scratch\ETL-SQL\tests\ETL-SQL.Tests\TestHelpers.cs(26,39): error CS0535: 'MockDatabaseSource' does not implement interface member 'IDataSource.Options' [C:\Users\chuck\scratch\ETL-SQL\tests\ETL-SQL.Tests\ETL-SQL.Tests.csproj]
C:\Users\chuck\scratch\ETL-SQL\tests\ETL-SQL.Tests\TransactionTests.cs(157,53): error CS0535: 'TransactionTests.MockTransactionalDataSource' does not implement interface member 'IDataSource.Options' [C:\Users\chuck\scratch\ETL-SQL\tests\ETL-SQL.Tests\ETL-SQL.Tests.csproj]

Build FAILED.

C:\Users\chuck\scratch\ETL-SQL\tests\ETL-SQL.Tests\Engine\LineageExecuteTests.cs(49,54): error CS0535: 'LineageExecuteTests.MockDatabaseSourceWithSchema' does not implement interface member 'IDataSource.Options' [C:\Users\chuck\scratch\ETL-SQL\tests\ETL-SQL.Tests\ETL-SQL.Tests.csproj]
C:\Users\chuck\scratch\ETL-SQL\tests\ETL-SQL.Tests\Misc\MultiResultSetTests.cs(58,38): error CS0535: 'MockMultiResultDb' does not implement interface member 'IDataSource.Options' [C:\Users\chuck\scratch\ETL-SQL\tests\ETL-SQL.Tests\ETL-SQL.Tests.csproj]
C:\Users\chuck\scratch\ETL-SQL\tests\ETL-SQL.Tests\TestHelpers.cs(26,39): error CS0535: 'MockDatabaseSource' does not implement interface member 'IDataSource.Options' [C:\Users\chuck\scratch\ETL-SQL\tests\ETL-SQL.Tests\ETL-SQL.Tests.csproj]
C:\Users\chuck\scratch\ETL-SQL\tests\ETL-SQL.Tests\TransactionTests.cs(157,53): error CS0535: 'TransactionTests.MockTransactionalDataSource' does not implement interface member 'IDataSource.Options' [C:\Users\chuck\scratch\ETL-SQL\tests\ETL-SQL.Tests\ETL-SQL.Tests.csproj]
    0 Warning(s)
    4 Error(s)

Time Elapsed 00:00:01.12
